// Jest Snapshot v1, https://goo.gl/fbAQLP

exports[`lib/bus should make a bus when makeBus is called 1`] = `
Object {
  "correlate": [MockFunction] {
    "calls": Array [
      Array [],
    ],
    "results": Array [
      Object {
        "type": "return",
        "value": undefined,
      },
    ],
  },
  "package": [MockFunction] {
    "calls": Array [
      Array [],
    ],
    "results": Array [
      Object {
        "type": "return",
        "value": undefined,
      },
    ],
  },
  "use": [MockFunction] {
    "calls": Array [
      Array [
        undefined,
      ],
      Array [
        undefined,
      ],
      Array [
        undefined,
      ],
    ],
    "results": Array [
      Object {
        "type": "return",
        "value": undefined,
      },
      Object {
        "type": "return",
        "value": undefined,
      },
      Object {
        "type": "return",
        "value": undefined,
      },
    ],
  },
}
`;
